Collecting annotated-types==0.7.0 (from -r requirements.txt (line 1))
  Downloading annotated_types-0.7.0-py3-none-any.whl.metadata (15 kB)
Collecting anyio==4.9.0 (from -r requirements.txt (line 2))
  Downloading anyio-4.9.0-py3-none-any.whl.metadata (4.7 kB)
Collecting certifi==2025.1.31 (from -r requirements.txt (line 3))
  Downloading certifi-2025.1.31-py3-none-any.whl.metadata (2.5 kB)
Collecting click==8.1.8 (from -r requirements.txt (line 4))
  Downloading click-8.1.8-py3-none-any.whl.metadata (2.3 kB)
Collecting dnspython==2.7.0 (from -r requirements.txt (line 5))
  Downloading dnspython-2.7.0-py3-none-any.whl.metadata (5.8 kB)
Collecting email_validator==2.2.0 (from -r requirements.txt (line 6))
  Downloading email_validator-2.2.0-py3-none-any.whl.metadata (25 kB)
Collecting fastapi==0.115.12 (from -r requirements.txt (line 7))
  Downloading fastapi-0.115.12-py3-none-any.whl.metadata (27 kB)
Collecting fastapi-cli==0.0.7 (from -r requirements.txt (line 8))
  Downloading fastapi_cli-0.0.7-py3-none-any.whl.metadata (6.2 kB)
Collecting flake8==7.2.0 (from -r requirements.txt (line 9))
  Downloading flake8-7.2.0-py2.py3-none-any.whl.metadata (3.8 kB)
Collecting h11==0.14.0 (from -r requirements.txt (line 10))
  Downloading h11-0.14.0-py3-none-any.whl.metadata (8.2 kB)
Collecting httpcore==1.0.7 (from -r requirements.txt (line 11))
  Downloading httpcore-1.0.7-py3-none-any.whl.metadata (21 kB)
Collecting httptools==0.6.4 (from -r requirements.txt (line 12))
  Downloading httptools-0.6.4-cp312-cp312-manylinux_2_5_x86_64.manylinux1_x86_64.manylinux_2_17_x86_64.manylinux2014_x86_64.whl.metadata (3.6 kB)
Collecting httpx==0.28.1 (from -r requirements.txt (line 13))
  Downloading httpx-0.28.1-py3-none-any.whl.metadata (7.1 kB)
Collecting idna==3.10 (from -r requirements.txt (line 14))
  Downloading idna-3.10-py3-none-any.whl.metadata (10 kB)
Collecting iniconfig==2.1.0 (from -r requirements.txt (line 15))
  Downloading iniconfig-2.1.0-py3-none-any.whl.metadata (2.7 kB)
Collecting Jinja2==3.1.6 (from -r requirements.txt (line 16))
  Downloading jinja2-3.1.6-py3-none-any.whl.metadata (2.9 kB)
Collecting markdown-it-py==3.0.0 (from -r requirements.txt (line 17))
  Downloading markdown_it_py-3.0.0-py3-none-any.whl.metadata (6.9 kB)
Collecting MarkupSafe==3.0.2 (from -r requirements.txt (line 18))
  Downloading MarkupSafe-3.0.2-cp312-cp312-manylinux_2_17_x86_64.manylinux2014_x86_64.whl.metadata (4.0 kB)
Collecting mccabe==0.7.0 (from -r requirements.txt (line 19))
  Downloading mccabe-0.7.0-py2.py3-none-any.whl.metadata (5.0 kB)
Collecting mdurl==0.1.2 (from -r requirements.txt (line 20))
  Downloading mdurl-0.1.2-py3-none-any.whl.metadata (1.6 kB)
Collecting packaging==24.2 (from -r requirements.txt (line 21))
  Downloading packaging-24.2-py3-none-any.whl.metadata (3.2 kB)
Collecting pluggy==1.5.0 (from -r requirements.txt (line 22))
  Downloading pluggy-1.5.0-py3-none-any.whl.metadata (4.8 kB)
Collecting pycodestyle==2.13.0 (from -r requirements.txt (line 23))
  Downloading pycodestyle-2.13.0-py2.py3-none-any.whl.metadata (4.5 kB)
Collecting pydantic==2.11.3 (from -r requirements.txt (line 24))
  Downloading pydantic-2.11.3-py3-none-any.whl.metadata (65 kB)
     ━━━━━━━━━━━━━━━━━━━━━━━━━━━━━━━━━━━━━━━ 65.2/65.2 kB 395.3 kB/s eta 0:00:00
Collecting pydantic_core==2.33.1 (from -r requirements.txt (line 25))
  Downloading pydantic_core-2.33.1-cp312-cp312-manylinux_2_17_x86_64.manylinux2014_x86_64.whl.metadata (6.8 kB)
Collecting pyflakes==3.3.2 (from -r requirements.txt (line 26))
  Downloading pyflakes-3.3.2-py2.py3-none-any.whl.metadata (3.5 kB)
Collecting Pygments==2.19.1 (from -r requirements.txt (line 27))
  Downloading pygments-2.19.1-py3-none-any.whl.metadata (2.5 kB)
Collecting pytest==8.3.5 (from -r requirements.txt (line 28))
  Downloading pytest-8.3.5-py3-none-any.whl.metadata (7.6 kB)
Collecting python-dotenv==1.1.0 (from -r requirements.txt (line 29))
  Downloading python_dotenv-1.1.0-py3-none-any.whl.metadata (24 kB)
Collecting python-multipart==0.0.20 (from -r requirements.txt (line 30))
  Downloading python_multipart-0.0.20-py3-none-any.whl.metadata (1.8 kB)
Collecting PyYAML==6.0.2 (from -r requirements.txt (line 31))
  Downloading PyYAML-6.0.2-cp312-cp312-manylinux_2_17_x86_64.manylinux2014_x86_64.whl.metadata (2.1 kB)
Collecting rich==14.0.0 (from -r requirements.txt (line 32))
  Downloading rich-14.0.0-py3-none-any.whl.metadata (18 kB)
Collecting rich-toolkit==0.14.1 (from -r requirements.txt (line 33))
  Downloading rich_toolkit-0.14.1-py3-none-any.whl.metadata (999 bytes)
Collecting shellingham==1.5.4 (from -r requirements.txt (line 34))
  Downloading shellingham-1.5.4-py2.py3-none-any.whl.metadata (3.5 kB)
Collecting sniffio==1.3.1 (from -r requirements.txt (line 35))
  Downloading sniffio-1.3.1-py3-none-any.whl.metadata (3.9 kB)
Collecting starlette==0.46.1 (from -r requirements.txt (line 36))
  Downloading starlette-0.46.1-py3-none-any.whl.metadata (6.2 kB)
Collecting typer==0.15.2 (from -r requirements.txt (line 37))
  Downloading typer-0.15.2-py3-none-any.whl.metadata (15 kB)
Collecting typing-inspection==0.4.0 (from -r requirements.txt (line 38))
  Downloading typing_inspection-0.4.0-py3-none-any.whl.metadata (2.6 kB)
Collecting typing_extensions==4.13.1 (from -r requirements.txt (line 39))
  Downloading typing_extensions-4.13.1-py3-none-any.whl.metadata (3.0 kB)
Collecting uvicorn==0.34.0 (from -r requirements.txt (line 40))
  Downloading uvicorn-0.34.0-py3-none-any.whl.metadata (6.5 kB)
Collecting uvloop==0.21.0 (from -r requirements.txt (line 41))
  Downloading uvloop-0.21.0-cp312-cp312-manylinux_2_17_x86_64.manylinux2014_x86_64.whl.metadata (4.9 kB)
Collecting watchfiles==1.0.5 (from -r requirements.txt (line 42))
  Downloading watchfiles-1.0.5-cp312-cp312-manylinux_2_17_x86_64.manylinux2014_x86_64.whl.metadata (4.9 kB)
Collecting websockets==15.0.1 (from -r requirements.txt (line 43))
  Downloading websockets-15.0.1-cp312-cp312-manylinux_2_5_x86_64.manylinux1_x86_64.manylinux_2_17_x86_64.manylinux2014_x86_64.whl.metadata (6.8 kB)
Downloading annotated_types-0.7.0-py3-none-any.whl (13 kB)
Downloading anyio-4.9.0-py3-none-any.whl (100 kB)
   ━━━━━━━━━━━━━━━━━━━━━━━━━━━━━━━━━━━━━━━━ 100.9/100.9 kB 1.1 MB/s eta 0:00:00
Downloading certifi-2025.1.31-py3-none-any.whl (166 kB)
   ━━━━━━━━━━━━━━━━━━━━━━━━━━━━━━━━━━━━━━━━ 166.4/166.4 kB 2.7 MB/s eta 0:00:00
Downloading click-8.1.8-py3-none-any.whl (98 kB)
   ━━━━━━━━━━━━━━━━━━━━━━━━━━━━━━━━━━━━━━━━ 98.2/98.2 kB 1.3 MB/s eta 0:00:00
Downloading dnspython-2.7.0-py3-none-any.whl (313 kB)
   ━━━━━━━━━━━━━━━━━━━━━━━━━━━━━━━━━━━━━━━━ 313.6/313.6 kB 1.4 MB/s eta 0:00:00
Downloading email_validator-2.2.0-py3-none-any.whl (33 kB)
Downloading fastapi-0.115.12-py3-none-any.whl (95 kB)
   ━━━━━━━━━━━━━━━━━━━━━━━━━━━━━━━━━━━━━━━━ 95.2/95.2 kB 3.5 MB/s eta 0:00:00
Downloading fastapi_cli-0.0.7-py3-none-any.whl (10 kB)
Downloading flake8-7.2.0-py2.py3-none-any.whl (57 kB)
   ━━━━━━━━━━━━━━━━━━━━━━━━━━━━━━━━━━━━━━━━ 57.8/57.8 kB 2.0 MB/s eta 0:00:00
Downloading h11-0.14.0-py3-none-any.whl (58 kB)
   ━━━━━━━━━━━━━━━━━━━━━━━━━━━━━━━━━━━━━━━━ 58.3/58.3 kB 730.0 kB/s eta 0:00:00
Downloading httpcore-1.0.7-py3-none-any.whl (78 kB)
   ━━━━━━━━━━━━━━━━━━━━━━━━━━━━━━━━━━━━━━━━ 78.6/78.6 kB 995.2 kB/s eta 0:00:00
Downloading httptools-0.6.4-cp312-cp312-manylinux_2_5_x86_64.manylinux1_x86_64.manylinux_2_17_x86_64.manylinux2014_x86_64.whl (510 kB)
   ━━━━━━━━━━━━━━━━━━━━━━━━━━━━━━━━━━━━━━━━ 510.8/510.8 kB 2.1 MB/s eta 0:00:00
Downloading httpx-0.28.1-py3-none-any.whl (73 kB)
   ━━━━━━━━━━━━━━━━━━━━━━━━━━━━━━━━━━━━━━━━ 73.5/73.5 kB 483.8 kB/s eta 0:00:00
Downloading idna-3.10-py3-none-any.whl (70 kB)
   ━━━━━━━━━━━━━━━━━━━━━━━━━━━━━━━━━━━━━━━━ 70.4/70.4 kB 168.0 kB/s eta 0:00:00
Downloading iniconfig-2.1.0-py3-none-any.whl (6.0 kB)
Downloading jinja2-3.1.6-py3-none-any.whl (134 kB)
   ━━━━━━━━━━━━━━━━━━━━━━━━━━━━━━━━━━━━━━━ 134.9/134.9 kB 988.6 kB/s eta 0:00:00
Downloading markdown_it_py-3.0.0-py3-none-any.whl (87 kB)
   ━━━━━━━━━━━━━━━━━━━━━━━━━━━━━━━━━━━━━━━━ 87.5/87.5 kB 290.7 kB/s eta 0:00:00
Downloading MarkupSafe-3.0.2-cp312-cp312-manylinux_2_17_x86_64.manylinux2014_x86_64.whl (23 kB)
Downloading mccabe-0.7.0-py2.py3-none-any.whl (7.3 kB)
Downloading mdurl-0.1.2-py3-none-any.whl (10.0 kB)
Downloading packaging-24.2-py3-none-any.whl (65 kB)
   ━━━━━━━━━━━━━━━━━━━━━━━━━━━━━━━━━━━━━━━━ 65.5/65.5 kB 847.2 kB/s eta 0:00:00
Downloading pluggy-1.5.0-py3-none-any.whl (20 kB)
Downloading pycodestyle-2.13.0-py2.py3-none-any.whl (31 kB)
Downloading pydantic-2.11.3-py3-none-any.whl (443 kB)
   ━━━━━━━━━━━━━━━━━━━━━━━━━━━━━━━━━━━━━━━━ 443.6/443.6 kB 2.0 MB/s eta 0:00:00
Downloading pydantic_core-2.33.1-cp312-cp312-manylinux_2_17_x86_64.manylinux2014_x86_64.whl (2.0 MB)
   ━━━━━━━━━━━━━━━━━━━━━━━━━━━━━━━━━━━━━━━━ 2.0/2.0 MB 1.8 MB/s eta 0:00:00
Downloading pyflakes-3.3.2-py2.py3-none-any.whl (63 kB)
   ━━━━━━━━━━━━━━━━━━━━━━━━━━━━━━━━━━━━━━━━ 63.2/63.2 kB 204.9 kB/s eta 0:00:00
Downloading pygments-2.19.1-py3-none-any.whl (1.2 MB)
   ━━━━━━━━━━━━━━━━━━━━━━━━━━━━━━━━━━━━━━━━ 1.2/1.2 MB 1.1 MB/s eta 0:00:00
Downloading pytest-8.3.5-py3-none-any.whl (343 kB)
   ━━━━━━━━━━━━━━━━━━━━━━━━━━━━━━━━━━━━━━━ 343.6/343.6 kB 780.9 kB/s eta 0:00:00
Downloading python_dotenv-1.1.0-py3-none-any.whl (20 kB)
Downloading python_multipart-0.0.20-py3-none-any.whl (24 kB)
Downloading PyYAML-6.0.2-cp312-cp312-manylinux_2_17_x86_64.manylinux2014_x86_64.whl (767 kB)
   ━━━━━━━━━━━━━━━━━━━━━━━━━━━━━━━━━━━━━━━━ 767.5/767.5 kB 2.0 MB/s eta 0:00:00
Downloading rich-14.0.0-py3-none-any.whl (243 kB)
   ━━━━━━━━━━━━━━━━━━━━━━━━━━━━━━━━━━━━━━━ 243.2/243.2 kB 995.0 kB/s eta 0:00:00
Downloading rich_toolkit-0.14.1-py3-none-any.whl (24 kB)
Downloading shellingham-1.5.4-py2.py3-none-any.whl (9.8 kB)
Downloading sniffio-1.3.1-py3-none-any.whl (10 kB)
Downloading starlette-0.46.1-py3-none-any.whl (71 kB)
   ━━━━━━━━━━━━━━━━━━━━━━━━━━━━━━━━━━━━━━━━ 72.0/72.0 kB 155.8 kB/s eta 0:00:00
Downloading typer-0.15.2-py3-none-any.whl (45 kB)
   ━━━━━━━━━━━━━━━━━━━━━━━━━━━━━━━━━━━━━━━━ 45.1/45.1 kB 251.5 kB/s eta 0:00:00
Downloading typing_inspection-0.4.0-py3-none-any.whl (14 kB)
Downloading typing_extensions-4.13.1-py3-none-any.whl (45 kB)
   ━━━━━━━━━━━━━━━━━━━━━━━━━━━━━━━━━━━━━━━━ 45.7/45.7 kB 389.8 kB/s eta 0:00:00
Downloading uvicorn-0.34.0-py3-none-any.whl (62 kB)
   ━━━━━━━━━━━━━━━━━━━━━━━━━━━━━━━━━━━━━━━━ 62.3/62.3 kB 1.9 MB/s eta 0:00:00
Downloading uvloop-0.21.0-cp312-cp312-manylinux_2_17_x86_64.manylinux2014_x86_64.whl (4.7 MB)
   ━━━━━━━━━━━━━━━━━━━━━━━━━━━━━━━━━━━━━━━━ 4.7/4.7 MB 2.3 MB/s eta 0:00:00
Downloading watchfiles-1.0.5-cp312-cp312-manylinux_2_17_x86_64.manylinux2014_x86_64.whl (454 kB)
   ━━━━━━━━━━━━━━━━━━━━━━━━━━━━━━━━━━━━━━━━ 454.5/454.5 kB 6.9 MB/s eta 0:00:00
Downloading websockets-15.0.1-cp312-cp312-manylinux_2_5_x86_64.manylinux1_x86_64.manylinux_2_17_x86_64.manylinux2014_x86_64.whl (182 kB)
   ━━━━━━━━━━━━━━━━━━━━━━━━━━━━━━━━━━━━━━━━ 182.5/182.5 kB 12.3 MB/s eta 0:00:00
Installing collected packages: websockets, uvloop, typing_extensions, sniffio, shellingham, PyYAML, python-multipart, python-dotenv, Pygments, pyflakes, pycodestyle, pluggy, packaging, mdurl, mccabe, MarkupSafe, iniconfig, idna, httptools, h11, dnspython, click, certifi, annotated-types, uvicorn, typing-inspection, pytest, pydantic_core, markdown-it-py, Jinja2, httpcore, flake8, email_validator, anyio, watchfiles, starlette, rich, pydantic, httpx, typer, rich-toolkit, fastapi, fastapi-cli
Successfully installed Jinja2-3.1.6 MarkupSafe-3.0.2 PyYAML-6.0.2 Pygments-2.19.1 annotated-types-0.7.0 anyio-4.9.0 certifi-2025.1.31 click-8.1.8 dnspython-2.7.0 email_validator-2.2.0 fastapi-0.115.12 fastapi-cli-0.0.7 flake8-7.2.0 h11-0.14.0 httpcore-1.0.7 httptools-0.6.4 httpx-0.28.1 idna-3.10 iniconfig-2.1.0 markdown-it-py-3.0.0 mccabe-0.7.0 mdurl-0.1.2 packaging-24.2 pluggy-1.5.0 pycodestyle-2.13.0 pydantic-2.11.3 pydantic_core-2.33.1 pyflakes-3.3.2 pytest-8.3.5 python-dotenv-1.1.0 python-multipart-0.0.20 rich-14.0.0 rich-toolkit-0.14.1 shellingham-1.5.4 sniffio-1.3.1 starlette-0.46.1 typer-0.15.2 typing-inspection-0.4.0 typing_extensions-4.13.1 uvicorn-0.34.0 uvloop-0.21.0 watchfiles-1.0.5 websockets-15.0.1
